2000:                   ORG     0x2000          ;ORG    0x1000
2000:                   ; comment only
2000:            START:      
2000:3E 00              LD      A, 0x00         ;//XOR   Aはアセンブラが未実装
2002:D3 04              OUT     0x04            
2004:D3 05              OUT     0x05            
2006:D3 06              OUT     0x06            
2008:D3 07              OUT     0x07            
200A:D3 02              OUT     0x02            
200C:3C                 INC     A               
200D:D3 03              OUT     0x03            
200F:3E FF              LD      A, 0xFF         
2011:D3 01              OUT     0x01            
2013:3E 80              LD      A, 0x80         
2015:D3 04              OUT     0x04            
2017:3E 03              LD      A, 0x03         
2019:D3 00              OUT     0x00            
201B:            BLAB:       ; コメントのサンプル
201B:40                 LD      B, B            ;comment sample
201C:41                 LD      B, C            
201D:42                 LD      B, D            
201E:43                 LD      B, E            
201F:44                 LD      B, H            
2020:45                 LD      B, L            
2021:46                 LD      B, (HL)         
2022:47                 LD      B, A            
2023:48                 LD      C, B            
2024:4F                 LD      C, A            
2025:50                 LD      D, B            
2026:57                 LD      D, A            
2027:58                 LD      E, B            
2028:5F                 LD      E, A            
2029:60                 LD      H, B            
202A:67                 LD      H, A            
202B:68                 LD      L, B            
202C:6F                 LD      L, A            
202D:70                 LD      (HL), B         
202E:77                 LD      (HL), A         
202F:78                 LD      A, B            
2030:7F                 LD      A, A            
2031:            LOOP1:      
2031:04                 INC     B               
2032:0C                 INC     C               
2033:14                 INC     D               
2034:1C                 INC     E               
2035:24                 INC     H               
2036:2C                 INC     L               
2037:34                 INC     (HL)            
2038:3C                 INC     A               
2039:D3 03              OUT     0x03            
203B:C3 31 20           JP      LOOP1           
203E:C3 44 20           JP      END             
2041:C3 34 12           JP      0x1234          
2044:            END:        
2044:C3 44 20           JP      END             
